---
source: src/config/listener.rs
expression: "ListenOn::default()"
---
ListenOn(
  ip: "0.0.0.0",
  port: 8080,
)
