---
source: src/config/listener.rs
expression: methods
---
[
  GET,
  POST,
  PUT,
  PATCH,
  DELETE,
  OPTIONS,
  HEAD,
]
