---
source: src/config/headers.rs
expression: add_action
---
HeaderTransform(
  action: add("new_header"),
  value: Some("new_value"),
)
