---
source: tests/basic_config.rs
expression: "timeout.headers().get(\"x-target-id\")"
---
Some(
    "TIMEOUT",
)
