---
source: tests/basic_config.rs
expression: "good.headers().get(\"x-target-id\")"
---
Some(
    "${CTX_TARGET_ID}",
)
