---
source: tests/basic_config.rs
expression: "wrong.headers().get(\"x-target-id\")"
---
Some(
    "WRONG",
)
