---
source: src/errors.rs
expression: "HttpDragonflyError::ParseConfigFile {\n    cause: Error::from(\"snapshot test cause\".to_string()),\n}"
---
unable to parse config: snapshot test cause
