---
source: src/cli.rs
expression: "CliConfig::parse_env_mask(\"**\")"
---
Err("invalid environment filter regex")
