---
source: src/config.rs
expression: "AppConfig::owned(&String::from(path.to_str().unwrap()), &ctx)"
input_file: tests/configs/wrong/70-strategy-failed_then_target_id.yaml
---
Err(
    invalid config: `target_selector` should be specified for strategy `failed_then_target_id`,
)
