---
source: src/cli.rs
expression: "CliConfig::parse_env_mask(\"\\\\1\")"
---
Err("invalid environment filter regex")
