---
source: src/cli.rs
expression: "CliConfig::parse_env_mask(\" .* \")"
---
Ok(".*")
