---
source: src/config.rs
expression: "AppConfig::from_file(&String::from(path.to_str().unwrap()), &ctx)"
input_file: tests/configs/good/02-simple-config.yaml
---
Ok(
    AppConfig {
        listeners: [
            ListenerConfig {
                id: Some(
                    "Listener-1",
                ),
                listen_on: ListenOn {
                    ip: 8.8.8.8,
                    port: 4321,
                },
                timeout: 30s,
                strategy: AlwaysOverride,
                headers: Some(
                    [
                        HeaderTransform {
                            action: Drop(
                                "*",
                            ),
                            value: None,
                        },
                        HeaderTransform {
                            action: Add(
                                "X-Added-Header",
                            ),
                            value: Some(
                                "something",
                            ),
                        },
                        HeaderTransform {
                            action: Update(
                                "Authorization",
                            ),
                            value: Some(
                                "${SOME_AUTH_TOKEN}",
                            ),
                        },
                        HeaderTransform {
                            action: Drop(
                                "X-Forwarded-For",
                            ),
                            value: None,
                        },
                    ],
                ),
                methods: Some(
                    {
                        Get,
                    },
                ),
                targets: [
                    TargetConfig {
                        id: Some(
                            "Target-0",
                        ),
                        url: "https://test-1.www.com/",
                        headers: None,
                        body: Some(
                            "{\"method\": \"${CTX_REQUEST_METHOD}\"}",
                        ),
                        timeout: 60s,
                        on_error: Status,
                        error_status: Some(
                            555,
                        ),
                        condition: None,
                    },
                    TargetConfig {
                        id: Some(
                            "Target-1",
                        ),
                        url: "https://test-2.www.com/some/path",
                        headers: None,
                        body: None,
                        timeout: 60s,
                        on_error: Propagate,
                        error_status: None,
                        condition: Some(
                            Filter(
                                ConditionFilter {
                                    filter: Owned(
                                        Id(
                                            8,
                                        ),
                                        [
                                            Id,
                                            ToString,
                                            Object(
                                                [],
                                            ),
                                            Path(
                                                Id(
                                                    2,
                                                ),
                                                Path(
                                                    [
                                                        (
                                                            Range(
                                                                None,
                                                                None,
                                                            ),
                                                            Essential,
                                                        ),
                                                    ],
                                                ),
                                            ),
                                            Path(
                                                Id(
                                                    0,
                                                ),
                                                Path(
                                                    [
                                                        (
                                                            Range(
                                                                None,
                                                                None,
                                                            ),
                                                            Optional,
                                                        ),
                                                    ],
                                                ),
                                            ),
                                            Call(
                                                Call {
                                                    id: Id(
                                                        7,
                                                    ),
                                                    typ: Throw,
                                                    skip: 0,
                                                    args: [],
                                                },
                                            ),
                                            Pipe(
                                                Id(
                                                    4,
                                                ),
                                                false,
                                                Id(
                                                    5,
                                                ),
                                            ),
                                            Comma(
                                                Id(
                                                    0,
                                                ),
                                                Id(
                                                    6,
                                                ),
                                            ),
                                            Ord(
                                                Id(
                                                    12,
                                                ),
                                                Eq,
                                                Id(
                                                    13,
                                                ),
                                            ),
                                            Id,
                                            Str(
                                                "body",
                                            ),
                                            Str(
                                                "target",
                                            ),
                                            Path(
                                                Id(
                                                    9,
                                                ),
                                                Path(
                                                    [
                                                        (
                                                            Index(
                                                                Id(
                                                                    10,
                                                                ),
                                                            ),
                                                            Essential,
                                                        ),
                                                        (
                                                            Index(
                                                                Id(
                                                                    11,
                                                                ),
                                                            ),
                                                            Essential,
                                                        ),
                                                    ],
                                                ),
                                            ),
                                            Str(
                                                "1",
                                            ),
                                        ],
                                    ),
                                },
                            ),
                        ),
                    },
                    TargetConfig {
                        id: Some(
                            "Target-2",
                        ),
                        url: "https://test-3.www.com/?${CTX_REQUEST_QUERY}",
                        headers: Some(
                            [
                                HeaderTransform {
                                    action: Update(
                                        "Authorization",
                                    ),
                                    value: Some(
                                        "${TARGET_2_AUTH_TOKEN}",
                                    ),
                                },
                                HeaderTransform {
                                    action: Drop(
                                        "X-Added-Header",
                                    ),
                                    value: None,
                                },
                            ],
                        ),
                        body: None,
                        timeout: 60s,
                        on_error: Propagate,
                        error_status: None,
                        condition: None,
                    },
                ],
                response: ResponseConfig {
                    target_selector: Some(
                        "Target-0",
                    ),
                    failed_status_regex: "4\\d{2}|500",
                    no_targets_status: 599,
                    override_config: Some(
                        OverrideConfig {
                            status: Some(
                                200,
                            ),
                            body: Some(
                                "{\"status\": \"ok\"}\n",
                            ),
                            headers: Some(
                                [
                                    HeaderTransform {
                                        action: Update(
                                            "content-type",
                                        ),
                                        value: Some(
                                            "application/json",
                                        ),
                                    },
                                    HeaderTransform {
                                        action: Add(
                                            "X-Http-Splitter-Version",
                                        ),
                                        value: Some(
                                            "0.2.4",
                                        ),
                                    },
                                    HeaderTransform {
                                        action: Add(
                                            "X-Http-Splitter-Response-Source",
                                        ),
                                        value: Some(
                                            "${CTX_TARGET_ID}",
                                        ),
                                    },
                                ],
                            ),
                        },
                    ),
                },
            },
        ],
    },
)
